// Jest Snapshot v1, https://goo.gl/fbAQLP

exports[`tag should render correctly 1`] = `
<View
  style={
    Array [
      Object {
        "alignItems": "center",
        "borderRadius": 10,
        "borderWidth": 1,
        "height": 23,
        "justifyContent": "center",
        "marginRight": 7,
      },
      Object {
        "backgroundColor": "#b95e9c",
      },
    ]
  }
>
  <Text
    accessible={true}
    allowFontScaling={true}
    disabled={false}
    ellipsizeMode="tail"
    style={
      Object {
        "color": "#FFFFFF",
        "fontFamily": "Rubik-Bold",
        "fontSize": 12,
        "marginLeft": 8,
        "marginRight": 8,
      }
    }
  >
    foo
  </Text>
</View>
`;
