// Jest Snapshot v1, https://goo.gl/fbAQLP

exports[`vote should render correctly 1`] = `
<View
  style={
    Array [
      Object {
        "alignItems": "center",
        "borderRadius": 10,
        "flexDirection": "row",
        "height": 23,
        "justifyContent": "center",
        "marginRight": 7,
      },
      undefined,
    ]
  }
>
  <View
    style={
      Object {
        "marginLeft": 8,
        "marginTop": 1,
      }
    }
  >
    <Image
      source={1}
    />
  </View>
  <Text
    accessible={true}
    allowFontScaling={true}
    disabled={false}
    ellipsizeMode="tail"
    style={
      Object {
        "color": "#ffffff",
        "fontFamily": "Rubik-Regular",
        "fontSize": 12,
        "marginLeft": 8,
        "marginRight": 8,
      }
    }
  >
    foo
  </Text>
</View>
`;
