// Jest Snapshot v1, https://goo.gl/fbAQLP

exports[`vote should render correctly 1`] = `
<View
  style={
    Object {
      "alignItems": "center",
      "backgroundColor": "#252525",
      "borderRadius": 10,
      "borderWidth": 1,
      "flexDirection": "row",
      "height": 23,
      "justifyContent": "center",
      "marginRight": 7,
    }
  }
>
  <View
    style={
      Object {
        "marginLeft": 8,
        "marginTop": 1,
      }
    }
  >
    <Image
      source={1}
    />
  </View>
  <Text
    accessible={true}
    allowFontScaling={true}
    disabled={false}
    ellipsizeMode="tail"
    style={
      Object {
        "color": "#FFFFFF",
        "fontFamily": "Rubik-Regular",
        "fontSize": 12,
        "marginLeft": 8,
        "marginRight": 8,
      }
    }
  >
    foo
  </Text>
</View>
`;
